{
  "title": "title",
  "content": "content",
  "reporting_time": "2023-04-29T12:34:56Z"
}