{
  "title": "",
  "content": "",
  "reporting_time": "2023-04-30T12:34:56Z"
}